<?xml version="1.0" encoding="utf-8"?>

<com.google.android.material.card.MaterialCardView
    xmlns:android="http://schemas.android.com/apk/res/android"
    xmlns:tools="http://schemas.android.com/tools"
    android:layout_width="match_parent"
    xmlns:app="http://schemas.android.com/apk/res-auto"
    app:cardCornerRadius="@dimen/_4sdp"
    app:strokeColor="@color/text_color"
    android:layout_marginHorizontal="1dp"
    android:layout_marginVertical="@dimen/_2sdp"
    app:strokeWidth="1dp"
    android:id="@+id/mcvProduct"
    android:layout_height="wrap_content"
    tools:ignore="MissingDefaultResource">

    <LinearLayout
        android:layout_width="match_parent"
        android:layout_height="wrap_content"
        android:paddingHorizontal="@dimen/_5sdp"
        android:orientation="vertical"
        tools:ignore="RtlSymmetry,UselessLeaf">

        <TextView
            android:layout_width="wrap_content"
            android:layout_height="wrap_content"
            android:textSize="16sp"
            android:layout_marginTop="@dimen/_5sdp"
            android:fontFamily="@font/montserrat_arabic_regular"
            android:textColor="@color/text_color"
            android:id="@+id/tvProductName"
            />

        <TextView
            android:layout_width="wrap_content"
            android:layout_height="wrap_content"
            android:textSize="12sp"
            android:maxLines="1"
            android:layout_marginTop="@dimen/_2sdp"
            android:layout_marginBottom="@dimen/_5sdp"
            android:fontFamily="@font/montserrat_arabic_regular"
            android:textColor="@color/text_color"
            android:id="@+id/tvRFIDCode"
            />

    </LinearLayout>

</com.google.android.material.card.MaterialCardView>